git config --global user.email "adomingor@hotmail.com"
git config --global user.name "adomingor"

subir un repositorio local a uno remoto de 0
--------------------------------------------
ir al directorio del proyecto
git init
git add * (conviene no tener .gitignore la primerva vez y subir todo, luego poner el .gitignore)
git commit -m "first commit"
git remote add origin https://github.com/adomingor/<<rama>>.git
git push -u origin master



git remote show origin
git branch
git checkout configBundle <- pasarse a una rama


subir a repositorio remoto lo trabajado (parte del push)
---------------------------------------------------------
git status
git add .
git commit -m "comentario"
git push origin <<rama>>


pasar de una rama al master
----------------------------------------------
git checkout master
git merge <<rama>>
git push origin master
Username for 'https://github.com': adomingor
Password for 'https://adomingor@github.com':


renombrar una rama
---------------------
Para renombrar una rama local:
$ git branch -m nombre-rama nombre-rama-nueva

Para renombrar una rama remota de un repositorio Git, habrá que eliminar primero la rama remota:
$ git push origin :nombre-rama

y crear la rama renombrada en el repositorio remoto:
$ git push origin nombre-rama-nueva

forzar un pull
------------------
Estar parado en la rama 
* git fetch --all
	Fetching origin
	root@desanayf:/var/www/html/integra-si# git status
	En la rama sf3twbs4
	Su rama está actualizada con «origin/sf3twbs4».
		Cambios no preparados para el commit:
		  (use «git add <archivo>...» para actualizar lo que se confirmará)
		  (use «git checkout -- <archivo>...» para descartar cambios en el directorio de trabajo)

		        modificado:    src/Isi/SesionBundle/Entity/Usuarios.php

		no hay cambios agregados al commit (use «git add» o «git commit -a»)

* git reset --hard origin/sf3twbs4
	HEAD is now at 2cbca09 terminado chiche pal usuario

* git pull origin sf3twbs4
	De https://github.com/adomingor/integra-si
	 * branch            sf3twbs4   -> FETCH_HEAD
	Already up-to-date.

